Tue Nov 26 20:54:34 EST 2024
$PROBLEM    043 as 1CMT ADVAN13 with AMT in micrograms
$INPUT ROW ID TIME EVID CMT AMT II ADDL DV MDV

$DATA  ../NMsimData_xgxr046_AUC.norm3.csv
IGN=@

$SUBROUTINE ADVAN13 TOL 9
$MODEL      COMP=(DEPOT,DEFDOSE) COMP=(CENTRAL,DEFOBS)
;;       COMP=(PERIPH)
$PK
LTVKA=THETA(1)
LTVV2=THETA(2)
LTVCL=THETA(3)
;; LTVV3=THETA(4)
;; LTVQ=THETA(5)

MU_1=LTVKA
KA=EXP(MU_1+ETA(1))
MU_2=LTVV2
V2=EXP(MU_2+ETA(2))
MU_3=LTVCL
CL=EXP(MU_3+ETA(3))
;; MU_4=LTVV3
;; V3=EXP(MU_4+ETA(4))
;; MU_5 = LTVQ
;; Q =EXP(MU_5+ETA(5))
;; S2=V2/1000

$DES
DADT(1) = -KA*A(1)
DADT(2) = KA*A(1) - CL*A(2)/V2  ;;+ Q*(A(3)/V3-A(2)/V2)
;;DADT(3) = -Q*(A(3)/V3-A(2)/V2)


$ERROR
  IPRED=A(2)/V2
  IRES=DV-IPRED

  ;; IF (IPRED.GT.1) THEN
  ;;   W = SQRT(IPRED**2*SIGMA(1,1) + SIGMA(2,2))
  ;; ELSE
  ;;   W=1
  ;; ENDIF

  ;; IWRES=IRES/W
  Y=IPRED+IPRED*ERR(1)+ERR(2)

;-----------------------INITIAL ESTIMATES---------------------------------
$THETA  1.11975 ; LTVKA
$THETA  11.4649 ; LTVV2
$THETA  9.8312 ; LTVCL
;; $THETA  (5)          FIX   ; LTVV3
;; $THETA  (-1000) FIX             ; LTVQ
$OMEGA  0.0153241
$OMEGA  0.137697
$OMEGA  0.165658
;; $OMEGA 0 FIX
;; $OMEGA 0 FIX
$SIGMA  0.091529
$SIGMA  0.00278656


$SIMULATION ONLYSIM (2134995937) 

$TABLE PRED IPRED NOPRINT NOAPPEND FILE=xgxr046_AUC.norm3.tab


NM-TRAN MESSAGES
  
 WARNINGS AND ERRORS (IF ANY) FOR PROBLEM    1
             
 (WARNING  2) NM-TRAN INFERS THAT THE DATA ARE POPULATION.

License Registered to: Vertex Pharmaceuticals Inc
Expiration Date:    14 JAN 2026
Current Date:       26 NOV 2024
Days until program expires : 418
1NONLINEAR MIXED EFFECTS MODEL PROGRAM (NONMEM) VERSION 7.5.0
 ORIGINALLY DEVELOPED BY STUART BEAL, LEWIS SHEINER, AND ALISON BOECKMANN
 CURRENT DEVELOPERS ARE ROBERT BAUER, ICON DEVELOPMENT SOLUTIONS,
 AND ALISON BOECKMANN. IMPLEMENTATION, EFFICIENCY, AND STANDARDIZATION
 PERFORMED BY NOUS INFOSYSTEMS.

 PROBLEM NO.:         1
 043 as 1CMT ADVAN13 with AMT in micrograms
0DATA CHECKOUT RUN:              NO
 DATA SET LOCATED ON UNIT NO.:    2
 THIS UNIT TO BE REWOUND:        NO
 NO. OF DATA RECS IN DATA SET:    76803
 NO. OF DATA ITEMS IN DATA SET:  10
 ID DATA ITEM IS DATA ITEM NO.:   2
 DEP VARIABLE IS DATA ITEM NO.:   9
 MDV DATA ITEM IS DATA ITEM NO.: 10
0INDICES PASSED TO SUBROUTINE PRED:
   4   3   6   0   0   7   5   0   0   0   8
0LABELS FOR DATA ITEMS:
 ROW ID TIME EVID CMT AMT II ADDL DV MDV
0(NONBLANK) LABELS FOR PRED-DEFINED ITEMS:
 IPRED
0FORMAT FOR DATA:
 (E3.0,E2.0,E9.0,2E2.0,E7.0,E3.0,3E2.0)

 TOT. NO. OF OBS RECS:        0
 TOT. NO. OF INDIVIDUALS:        1
0LENGTH OF THETA:   3
0DEFAULT THETA BOUNDARY TEST OMITTED:    NO
0OMEGA HAS SIMPLE DIAGONAL FORM WITH DIMENSION:   3
0DEFAULT OMEGA BOUNDARY TEST OMITTED:    NO
0SIGMA HAS SIMPLE DIAGONAL FORM WITH DIMENSION:   2
0DEFAULT SIGMA BOUNDARY TEST OMITTED:    NO
0INITIAL ESTIMATE OF THETA:
   0.1120E+01  0.1146E+02  0.9831E+01
0INITIAL ESTIMATE OF OMEGA:
 0.1532E-01
 0.0000E+00   0.1377E+00
 0.0000E+00   0.0000E+00   0.1657E+00
0INITIAL ESTIMATE OF SIGMA:
 0.9153E-01
 0.0000E+00   0.2787E-02
0SIMULATION STEP OMITTED:    NO
 OBJ FUNC EVALUATED:         NO
 ORIGINAL DATA USED ON EACH NEW SIMULATION:         NO
 SEEDS RESET ON EACH NEW SUPERSET ITERATION:        YES
0SIMULATION RANDOM METHOD SELECTED (RANMETHOD): 4U
SEED   1 RESET TO INITIAL: YES
 SOURCE   1:
   SEED1:    2134995937   SEED2:             0   PSEUDO-NORMAL
0TABLES STEP OMITTED:    NO
 NO. OF TABLES:           1
 SEED NUMBER (SEED):    11456
 RANMETHOD:             3U
 MC SAMPLES (ESAMPLE):    300
 WRES SQUARE ROOT TYPE (WRESCHOL): EIGENVALUE
0-- TABLE   1 --
0RECORDS ONLY:    ALL
04 COLUMNS APPENDED:    NO
 PRINTED:                NO
 HEADERS:               YES
 FILE TO BE FORWARDED:   NO
 FORMAT:                S1PE11.4
 IDFORMAT:
 LFORMAT:
 RFORMAT:
 FIXED_EFFECT_ETAS:
0USER-CHOSEN ITEMS:
 PRED IPRED
1DOUBLE PRECISION PREDPP VERSION 7.5.0

 GENERAL NONLINEAR KINETICS MODEL WITH STIFF/NONSTIFF EQUATIONS (LSODA, ADVAN13)
0MODEL SUBROUTINE USER-SUPPLIED - ID NO. 9999
0MAXIMUM NO. OF BASIC PK PARAMETERS:   3
0COMPARTMENT ATTRIBUTES
 COMPT. NO.   FUNCTION   INITIAL    ON/OFF      DOSE      DEFAULT    DEFAULT
                         STATUS     ALLOWED    ALLOWED    FOR DOSE   FOR OBS.
    1         DEPOT        ON         YES        YES        YES        NO
    2         CENTRAL      ON         YES        YES        NO         YES
    3         OUTPUT       OFF        YES        NO         NO         NO
 INITIAL (BASE) TOLERANCE SETTINGS:
 NRD (RELATIVE) VALUE(S) OF TOLERANCE:   9
 ANRD (ABSOLUTE) VALUE(S) OF TOLERANCE:  12
1
 ADDITIONAL PK PARAMETERS - ASSIGNMENT OF ROWS IN GG
 COMPT. NO.                             INDICES
              SCALE      BIOAVAIL.   ZERO-ORDER  ZERO-ORDER  ABSORB
                         FRACTION    RATE        DURATION    LAG
    1            *           *           *           *           *
    2            *           *           *           *           *
    3            *           -           -           -           -
             - PARAMETER IS NOT ALLOWED FOR THIS MODEL
             * PARAMETER IS NOT SUPPLIED BY PK SUBROUTINE;
               WILL DEFAULT TO ONE IF APPLICABLE
0DATA ITEM INDICES USED BY PRED ARE:
   EVENT ID DATA ITEM IS DATA ITEM NO.:      4
   TIME DATA ITEM IS DATA ITEM NO.:          3
   DOSE AMOUNT DATA ITEM IS DATA ITEM NO.:   6
   INTERVAL DATA ITEM IS DATA ITEM NO.:      7
   ADDL. DOSES DATA ITEM IS DATA ITEM NO.:   8
   COMPT. NO. DATA ITEM IS DATA ITEM NO.:    5

0PK SUBROUTINE CALLED WITH EVERY EVENT RECORD.
 PK SUBROUTINE NOT CALLED AT NONEVENT (ADDITIONAL OR LAGGED) DOSE TIMES.
0ERROR SUBROUTINE CALLED WITH EVERY EVENT RECORD.
0ERROR SUBROUTINE INDICATES THAT DERIVATIVES OF COMPARTMENT AMOUNTS ARE USED.
0DES SUBROUTINE USES COMPACT STORAGE MODE.
 TOLERANCES FOR SIMULATION STEP:
 NRD (RELATIVE) VALUE(S) OF TOLERANCE:   9
 ANRD (ABSOLUTE) VALUE(S) OF TOLERANCE:  12
 TOLERANCES FOR TABLE/SCATTER STEP:
 NRD (RELATIVE) VALUE(S) OF TOLERANCE:   9
 ANRD (ABSOLUTE) VALUE(S) OF TOLERANCE:  12
1
 SIMULATION STEP PERFORMED
 SOURCE  1:
    SEED1:     817144214   SEED2:   -1082272595
 Elapsed simulation  time in seconds:     0.25
 ESTIMATION STEP OMITTED:                 YES
 Elapsed finaloutput time in seconds:     0.85
 #CPUT: Total CPU Time in Seconds,        8.767
Stop Time:
Tue Nov 26 20:54:50 EST 2024
